Archive member included because of file (symbol)

.\libcsud.a(device.keyboard.c.o)
                              build/keyboard.o (KeyboardGetAddress)
.\libcsud.a(platform.c.o)     .\libcsud.a(device.keyboard.c.o) (MemoryAllocate)
.\libcsud.a(usbd.c.o)         build/main.o (UsbInitialise)
.\libcsud.a(device.hid.c.o)   .\libcsud.a(device.keyboard.c.o) (HidReadDevice)
.\libcsud.a(device.hub.c.o)   .\libcsud.a(usbd.c.o) (HubPortReset)
.\libcsud.a(hcd.designware20.c.o)
                              .\libcsud.a(usbd.c.o) (HcdSumbitControlMessage)
.\libcsud.a(hcd.designware20.roothub.c.o)
                              .\libcsud.a(hcd.designware20.c.o) (HcdProcessRootHubMessage)
.\libcsud.a(platform.armv6.c.o)
                              .\libcsud.a(hcd.designware20.c.o) (__aeabi_uidiv)
.\libcsud.a(platform.broadcom2835.c.o)
                              .\libcsud.a(usbd.c.o) (MicroDelay)

Allocating common symbols
Common symbol       size              file

CorePhysical        0x4               .\libcsud.a(hcd.designware20.c.o)
DeviceNumbers       0x4               .\libcsud.a(usbd.c.o)
HostPhysical        0x4               .\libcsud.a(hcd.designware20.c.o)
keyboards           0x10              .\libcsud.a(device.keyboard.c.o)
PowerPhysical       0x4               .\libcsud.a(hcd.designware20.c.o)
Heap                0x4000            .\libcsud.a(platform.c.o)
Allocations         0xc00             .\libcsud.a(platform.c.o)

Discarded input sections

 .bss           0x00000000        0x0 build/drawing.o
 .ARM.attributes
                0x00000000       0x14 build/drawing.o
 .bss           0x00000000        0x0 build/framebuffer.o
 .ARM.attributes
                0x00000000       0x14 build/framebuffer.o
 .bss           0x00000000        0x0 build/gpio.o
 .ARM.attributes
                0x00000000       0x14 build/gpio.o
 .bss           0x00000000        0x0 build/keyboard.o
 .ARM.attributes
                0x00000000       0x14 build/keyboard.o
 .bss           0x00000000        0x0 build/mailbox.o
 .ARM.attributes
                0x00000000       0x14 build/mailbox.o
 .bss           0x00000000        0x0 build/main.o
 .ARM.attributes
                0x00000000       0x14 build/main.o
 .bss           0x00000000        0x0 build/math.o
 .ARM.attributes
                0x00000000       0x14 build/math.o
 .bss           0x00000000        0x0 build/random.o
 .ARM.attributes
                0x00000000       0x14 build/random.o
 .bss           0x00000000        0x0 build/systemTimer.o
 .ARM.attributes
                0x00000000       0x14 build/systemTimer.o
 .bss           0x00000000        0x0 build/terminal.o
 .ARM.attributes
                0x00000000       0x14 build/terminal.o
 .bss           0x00000000        0x0 build/text.o
 .ARM.attributes
                0x00000000       0x14 build/text.o
 .bss           0x00000000        0x0 build/connectfour.o
 .comment       0x00000000       0x39 build/connectfour.o
 .ARM.attributes
                0x00000000       0x30 build/connectfour.o
 .bss           0x00000000        0x0 build/datastructures.o
 .comment       0x00000000       0x12 build/datastructures.o
 .ARM.attributes
                0x00000000       0x30 build/datastructures.o
 .bss           0x00000000        0x0 build/dynamic.o
 .comment       0x00000000       0x12 build/dynamic.o
 .ARM.attributes
                0x00000000       0x30 build/dynamic.o
 .bss           0x00000000        0x0 build/int.o
 .comment       0x00000000       0x39 build/int.o
 .ARM.attributes
                0x00000000       0x30 build/int.o
 .bss           0x00000000        0x0 build/lights.o
 .comment       0x00000000       0x39 build/lights.o
 .ARM.attributes
                0x00000000       0x30 build/lights.o
 .bss           0x00000000        0x0 build/mergesort.o
 .comment       0x00000000       0x12 build/mergesort.o
 .ARM.attributes
                0x00000000       0x30 build/mergesort.o

Memory Configuration

Name             Origin             Length             Attributes
*default*        0x00000000         0xffffffff

Linker script and memory map

LOAD build/drawing.o
LOAD build/framebuffer.o
LOAD build/gpio.o
LOAD build/keyboard.o
LOAD build/mailbox.o
LOAD build/main.o
LOAD build/math.o
LOAD build/random.o
LOAD build/systemTimer.o
LOAD build/terminal.o
LOAD build/text.o
LOAD build/connectfour.o
LOAD build/datastructures.o
LOAD build/dynamic.o
LOAD build/int.o
LOAD build/lights.o
LOAD build/mergesort.o
LOAD .\libcsud.a

.init           0x00008000        0x4
 *(.init)
 .init          0x00008000        0x4 build/main.o
                0x00008000                _start

.data           0x00008100    0x17d2a
 *(.data)
 .data          0x00008100      0x810 build/drawing.o
 .data          0x00008910       0x28 build/framebuffer.o
                0x00008910                frameBufferInfo
 .data          0x00008938        0x0 build/gpio.o
 .data          0x00008938       0xe0 build/keyboard.o
 .data          0x00008a18        0x0 build/mailbox.o
 .data          0x00008a18      0x284 build/main.o
 .data          0x00008c9c        0x0 build/math.o
 .data          0x00008c9c        0x0 build/random.o
 .data          0x00008c9c        0x0 build/systemTimer.o
 *fill*         0x00008c9c       0x64 
 .data          0x00008d00     0xb1a7 build/terminal.o
 .data          0x00013ea7        0x0 build/text.o
 .data          0x00013ea7        0x0 build/connectfour.o
 .data          0x00013ea7        0x0 build/datastructures.o
 .data          0x00013ea7        0x0 build/dynamic.o
 .data          0x00013ea7        0x0 build/int.o
 .data          0x00013ea7        0x0 build/lights.o
 .data          0x00013ea7        0x0 build/mergesort.o
 .data          0x00013ea7        0x0 .\libcsud.a(device.keyboard.c.o)
 *fill*         0x00013ea7        0x1 
 .data          0x00013ea8        0x4 .\libcsud.a(platform.c.o)
                0x00013ea8                FirstAllocation
 .data          0x00013eac        0x0 .\libcsud.a(usbd.c.o)
 .data          0x00013eac        0x0 .\libcsud.a(device.hid.c.o)
 .data          0x00013eac        0x0 .\libcsud.a(device.hub.c.o)
 .data          0x00013eac        0x0 .\libcsud.a(hcd.designware20.c.o)
 .data          0x00013eac       0x64 .\libcsud.a(hcd.designware20.roothub.c.o)
                0x00013eac                DeviceDescriptor
                0x00013ec0                ConfigurationDescriptor
                0x00013edc                String0
                0x00013ee0                String1
                0x00013f04                HubDescriptor
 .data          0x00013f10        0x0 .\libcsud.a(platform.armv6.c.o)
 .data          0x00013f10        0x0 .\libcsud.a(platform.broadcom2835.c.o)
 *.c.o(*)
 .text          0x00013f10     0x1000 .\libcsud.a(device.keyboard.c.o)
                0x00013f10                KeyboardDetached
                0x00013f8c                KeyboardDeallocate
                0x00014004                KeyboardIndex
                0x0001405c                KeyboardGetAddress
                0x000140a4                KeyboardScan
                0x00014770                KeyboardCount
                0x00014780                KeyboardSetLeds
                0x0001499c                KeyboardGetLedSupport
                0x000149e8                KeyboardPoll
                0x00014d2c                KeyboardGetModifiers
                0x00014d78                KeyboardGetKeyDownCount
                0x00014ddc                KeyboadGetKeyIsDown
                0x00014e94                KeyboardGetKeyDown
 .bss           0x00014f10       0x14 .\libcsud.a(device.keyboard.c.o)
                0x00014f10                keyboardAddresses
                0x00014f20                keyboardCount
 .comment       0x00014f24       0x11 .\libcsud.a(device.keyboard.c.o)
                                 0x12 (size before relaxing)
 .ARM.attributes
                0x00014f35       0x32 .\libcsud.a(device.keyboard.c.o)
 *fill*         0x00014f67        0x1 
 COMMON         0x00014f68       0x10 .\libcsud.a(device.keyboard.c.o)
                0x00014f68                keyboards
 .text          0x00014f78      0x5c0 .\libcsud.a(platform.c.o)
                0x00014f78                MemoryReserve
                0x00014f80                MemoryAllocate
                0x000153d0                MemoryDeallocate
                0x000154e8                MemoryCopy
 .bss           0x00015538        0x8 .\libcsud.a(platform.c.o)
                0x00015538                FirstFreeAllocation
                0x0001553c                allocated
 .comment       0x00000000       0x12 .\libcsud.a(platform.c.o)
 .ARM.attributes
                0x00015540       0x32 .\libcsud.a(platform.c.o)
 *fill*         0x00015572        0x6 
 COMMON         0x00015578     0x4c00 .\libcsud.a(platform.c.o)
                0x00015578                Heap
                0x00019578                Allocations
 .text          0x0001a178     0x10e8 .\libcsud.a(usbd.c.o)
                0x0001a178                UsbGetRootHub
                0x0001a188                UsbPrintDeviceTree
                0x0001a254                UsbControlMessage
                0x0001a34c                UsbGetDescriptor
                0x0001a438                UsbGetString
                0x0001a4a4                UsbReadStringLang
                0x0001a528                UsbReadString
                0x0001a628                UsbReadDeviceDescriptor
                0x0001a768                UsbSetAddress
                0x0001a848                UsbSetConfiguration
                0x0001a91c                UsbConfigure
                0x0001aaec                UsbGetDescription
                0x0001ad9c                UsbScanDevice
                0x0001afc4                UsbAllocateDevice
                0x0001b080                UsbDeallocateDevice
                0x0001b198                UsbScanRootHub
                0x0001b1e8                UsbInitialise
                0x0001b244                UsbCheckForChange
 .bss           0x0001b260        0x4 .\libcsud.a(usbd.c.o)
                0x0001b260                RootHub
 .rodata        0x0001b264      0x248 .\libcsud.a(usbd.c.o)
 .rodata.str1.4
                0x0001b4ac       0x10 .\libcsud.a(usbd.c.o)
 .comment       0x00000000       0x12 .\libcsud.a(usbd.c.o)
 .ARM.attributes
                0x0001b4bc       0x32 .\libcsud.a(usbd.c.o)
 *fill*         0x0001b4ee        0x2 
 COMMON         0x0001b4f0        0x4 .\libcsud.a(usbd.c.o)
                0x0001b4f0                DeviceNumbers
 .text          0x0001b4f4     0x1b24 .\libcsud.a(device.hid.c.o)
                0x0001b4f4                HidEnumerateActionCountField
                0x0001b61c                HidDetached
                0x0001b658                HidEnumerateActionAddField
                0x0001be60                HidDeallocate
                0x0001bfb4                HidEnumerateActionCountReport
                0x0001c06c                HidGetReport
                0x0001c128                HidSetReport
                0x0001c1d8                BitSet
                0x0001c304                BitGetUnsigned
                0x0001c40c                BitGetSigned
                0x0001c438                HidReadDevice
                0x0001c634                HidWriteDevice
                0x0001c7e0                HidSetProtocol
                0x0001c890                HidEnumerateReport
                0x0001c9e8                HidParseReportDescriptor
                0x0001cd18                HidScan
                0x0001d008                HidGetFieldValue
 .bss           0x0001d018        0x0 .\libcsud.a(device.hid.c.o)
 .comment       0x00000000       0x12 .\libcsud.a(device.hid.c.o)
 .ARM.attributes
                0x0001d018       0x32 .\libcsud.a(device.hid.c.o)
 *fill*         0x0001d04a        0x2 
 .text          0x0001d04c      0xd34 .\libcsud.a(device.hub.c.o)
                0x0001d04c                HubDetached
                0x0001d0ec                HubDeallocate
                0x0001d1c8                HubReadDescriptor
                0x0001d2c0                HubGetStatus
                0x0001d398                HubPortGetStatus
                0x0001d478                HubChangeFeature
                0x0001d52c                HubChangePortFeature
                0x0001d5e8                HubPowerOn
                0x0001d690                HubPortReset
                0x0001d764                HubPortConnectionChanged
                0x0001d96c                HubCheckConnection
                0x0001daa0                HubRecursiveCheck
                0x0001db68                HubScan
 .bss           0x0001dd80        0x0 .\libcsud.a(device.hub.c.o)
 .comment       0x00000000       0x12 .\libcsud.a(device.hub.c.o)
 .ARM.attributes
                0x0001dd80       0x32 .\libcsud.a(device.hub.c.o)
 *fill*         0x0001ddb2        0x2 
 .text          0x0001ddb4     0x160c .\libcsud.a(hcd.designware20.c.o)
                0x0001ddb4                WriteThroughRegMask
                0x0001de48                WriteThroughReg
                0x0001de50                ReadBackReg
                0x0001def4                ClearReg
                0x0001df5c                SetReg
                0x0001dff8                HcdReset
                0x0001e0a8                HcdTransmitFifoFlush
                0x0001e13c                HcdReceiveFifoFlush
                0x0001e1b4                HcdPrepareChannel
                0x0001e4cc                HcdTransmitChannel
                0x0001e578                HcdChannelInterruptToError
                0x0001e654                HcdChannelSendWaitOne
                0x0001e910                HcdChannelSendWait
                0x0001ea28                HcdSumbitControlMessage
                0x0001ec70                HcdInitialise
                0x0001ee04                HcdStart
                0x0001f360                HcdStop
                0x0001f384                HcdDeinitialise
 .bss           0x0001f3c0       0x14 .\libcsud.a(hcd.designware20.c.o)
                0x0001f3c0                Core
                0x0001f3c4                Host
                0x0001f3c8                Power
                0x0001f3cc                databuffer
                0x0001f3d0                PhyInitialised
 .comment       0x00000000       0x12 .\libcsud.a(hcd.designware20.c.o)
 .ARM.attributes
                0x0001f3d4       0x32 .\libcsud.a(hcd.designware20.c.o)
 *fill*         0x0001f406        0x2 
 COMMON         0x0001f408        0xc .\libcsud.a(hcd.designware20.c.o)
                0x0001f408                CorePhysical
                0x0001f40c                HostPhysical
                0x0001f410                PowerPhysical
 .text          0x0001f414      0x6f0 .\libcsud.a(hcd.designware20.roothub.c.o)
                0x0001f414                HcdProcessRootHubMessage
 .bss           0x0001fb04        0x4 .\libcsud.a(hcd.designware20.roothub.c.o)
                0x0001fb04                RootHubDeviceNumber
 .comment       0x00000000       0x12 .\libcsud.a(hcd.designware20.roothub.c.o)
 .ARM.attributes
                0x0001fb08       0x32 .\libcsud.a(hcd.designware20.roothub.c.o)
 *fill*         0x0001fb3a        0x2 
 .text          0x0001fb3c      0x16c .\libcsud.a(platform.armv6.c.o)
                0x0001fb3c                __aeabi_uidivmod
                0x0001fc70                __aeabi_uidiv
 .bss           0x0001fca8        0x0 .\libcsud.a(platform.armv6.c.o)
 .comment       0x00000000       0x12 .\libcsud.a(platform.armv6.c.o)
 .ARM.attributes
                0x0001fca8       0x32 .\libcsud.a(platform.armv6.c.o)
 *fill*         0x0001fcda        0x2 
 .text          0x0001fcdc      0x11c .\libcsud.a(platform.broadcom2835.c.o)
                0x0001fcdc                MicroDelay
                0x0001fd4c                PowerOnUsb
 .bss           0x0001fdf8        0x0 .\libcsud.a(platform.broadcom2835.c.o)
 .comment       0x00000000       0x12 .\libcsud.a(platform.broadcom2835.c.o)
 .ARM.attributes
                0x0001fdf8       0x32 .\libcsud.a(platform.broadcom2835.c.o)

.text           0x0001fe2c     0x2584
 *.c.o(.text)
 *(.text)
 .text          0x0001fe2c      0x270 build/drawing.o
                0x0001fe2c                setForeColor
                0x0001fe40                getForeColor
                0x0001fe4c                setGraphicsAddress
                0x0001fe58                setPixel
                0x0001fea4                drawLine
                0x0001ff24                drawCharacter
                0x0001ff8c                drawString
                0x00020008                drawStringDelay
 .text          0x0002009c       0x5c build/framebuffer.o
                0x0002009c                initializeFrameBuffer
 .text          0x000200f8       0x94 build/gpio.o
                0x000200f8                getGpioAddress
                0x00020100                setGpioFunc
                0x00020150                setGpio
 .text          0x0002018c      0x150 build/keyboard.o
                0x0002018c                keyboardUpdate
                0x00020210                keyWasDown
                0x0002024c                keyboardGetChar
 .text          0x000202dc       0x7c build/mailbox.o
                0x000202dc                getMailboxAddress
                0x000202e4                mailboxWrite
                0x00020318                mailboxRead
 .text          0x00020358      0x21c build/main.o
 .text          0x00020574       0x48 build/math.o
                0x00020574                divideU32
 .text          0x000205bc       0x18 build/random.o
                0x000205bc                random
 .text          0x000205d4       0x40 build/systemTimer.o
                0x000205d4                getTimerAddress
                0x000205dc                getCounterValue
                0x000205ec                timerWaitMs
 .text          0x00020614      0x334 build/terminal.o
                0x00020614                terminalColor
                0x00020658                terminalDisplay
                0x00020700                terminalClear
                0x00020718                print
                0x000207f0                readLine
                0x000208d0                changeTextColor
 .text          0x00020948      0x2d8 build/text.o
                0x00020948                number2StringS
                0x00020990                number2StringU
                0x00020a10                reverseString
                0x00020a48                formatString
 .text          0x00020c20      0xfcc build/connectfour.o
                0x00020c20                clearBoardArea
                0x00020ca4                drawBoard
                0x00020d84                drawM
                0x00020e78                drawT
                0x00020f24                drawMark
                0x00020f7c                checkVerticalWin
                0x000210d0                checkHorizontalWin
                0x00021224                checkDiagonalWin
                0x00021840                checkWin
                0x000218ac                connectFour
 .text          0x00021bec      0x274 build/datastructures.o
                0x00021bec                printLinkedList
                0x00021cc0                printLinkedListReverse
                0x00021de8                pushLinkedList
 .text          0x00021e60        0x0 build/dynamic.o
 .text          0x00021e60       0xd4 build/int.o
                0x00021e60                stringToInt
 .text          0x00021f34      0x1ac build/lights.o
                0x00021f34                lightNine
                0x00021f78                lightDot
                0x00021f98                lightThree
                0x00021ff4                lightUpMyWorld
 .text          0x000220e0      0x2d0 build/mergesort.o
                0x000220e0                merge
                0x00022324                mergesort

.rodata         0x000223b0       0xa2
 *(.rodata)
 .rodata        0x000223b0       0x7e build/connectfour.o
 *fill*         0x0002242e        0x2 
 .rodata        0x00022430       0x18 build/datastructures.o
 .rodata        0x00022448        0xa build/lights.o

/DISCARD/
 *(*)
OUTPUT(build/output.elf elf32-littlearm)
