Archive member included because of file (symbol)

.\libcsud.a(device.keyboard.c.o)
                              build/keyboard.o (KeyboardGetAddress)
.\libcsud.a(platform.c.o)     .\libcsud.a(device.keyboard.c.o) (MemoryAllocate)
.\libcsud.a(usbd.c.o)         build/main.o (UsbInitialise)
.\libcsud.a(device.hid.c.o)   .\libcsud.a(device.keyboard.c.o) (HidReadDevice)
.\libcsud.a(device.hub.c.o)   .\libcsud.a(usbd.c.o) (HubPortReset)
.\libcsud.a(hcd.designware20.c.o)
                              .\libcsud.a(usbd.c.o) (HcdSumbitControlMessage)
.\libcsud.a(hcd.designware20.roothub.c.o)
                              .\libcsud.a(hcd.designware20.c.o) (HcdProcessRootHubMessage)
.\libcsud.a(platform.armv6.c.o)
                              .\libcsud.a(hcd.designware20.c.o) (__aeabi_uidiv)
.\libcsud.a(platform.broadcom2835.c.o)
                              .\libcsud.a(usbd.c.o) (MicroDelay)

Allocating common symbols
Common symbol       size              file

CorePhysical        0x4               .\libcsud.a(hcd.designware20.c.o)
DeviceNumbers       0x4               .\libcsud.a(usbd.c.o)
HostPhysical        0x4               .\libcsud.a(hcd.designware20.c.o)
keyboards           0x10              .\libcsud.a(device.keyboard.c.o)
PowerPhysical       0x4               .\libcsud.a(hcd.designware20.c.o)
Heap                0x4000            .\libcsud.a(platform.c.o)
Allocations         0xc00             .\libcsud.a(platform.c.o)

Discarded input sections

 .bss           0x00000000        0x0 build/drawing.o
 .ARM.attributes
                0x00000000       0x14 build/drawing.o
 .bss           0x00000000        0x0 build/framebuffer.o
 .ARM.attributes
                0x00000000       0x14 build/framebuffer.o
 .bss           0x00000000        0x0 build/gpio.o
 .ARM.attributes
                0x00000000       0x14 build/gpio.o
 .bss           0x00000000        0x0 build/keyboard.o
 .ARM.attributes
                0x00000000       0x14 build/keyboard.o
 .bss           0x00000000        0x0 build/mailbox.o
 .ARM.attributes
                0x00000000       0x14 build/mailbox.o
 .bss           0x00000000        0x0 build/main.o
 .ARM.attributes
                0x00000000       0x14 build/main.o
 .bss           0x00000000        0x0 build/math.o
 .ARM.attributes
                0x00000000       0x14 build/math.o
 .bss           0x00000000        0x0 build/random.o
 .ARM.attributes
                0x00000000       0x14 build/random.o
 .bss           0x00000000        0x0 build/systemTimer.o
 .ARM.attributes
                0x00000000       0x14 build/systemTimer.o
 .bss           0x00000000        0x0 build/terminal.o
 .ARM.attributes
                0x00000000       0x14 build/terminal.o
 .bss           0x00000000        0x0 build/text.o
 .ARM.attributes
                0x00000000       0x14 build/text.o
 .bss           0x00000000        0x0 build/connectfour.o
 .comment       0x00000000       0x12 build/connectfour.o
 .ARM.attributes
                0x00000000       0x30 build/connectfour.o
 .bss           0x00000000        0x0 build/datastructures.o
 .comment       0x00000000       0x12 build/datastructures.o
 .ARM.attributes
                0x00000000       0x30 build/datastructures.o
 .bss           0x00000000        0x0 build/dynamic.o
 .comment       0x00000000       0x12 build/dynamic.o
 .ARM.attributes
                0x00000000       0x30 build/dynamic.o
 .bss           0x00000000        0x0 build/int.o
 .comment       0x00000000       0x12 build/int.o
 .ARM.attributes
                0x00000000       0x30 build/int.o
 .bss           0x00000000        0x0 build/lights.o
 .comment       0x00000000       0x12 build/lights.o
 .ARM.attributes
                0x00000000       0x30 build/lights.o
 .bss           0x00000000        0x0 build/mergesort.o
 .comment       0x00000000       0x12 build/mergesort.o
 .ARM.attributes
                0x00000000       0x30 build/mergesort.o

Memory Configuration

Name             Origin             Length             Attributes
*default*        0x00000000         0xffffffff

Linker script and memory map

LOAD build/drawing.o
LOAD build/framebuffer.o
LOAD build/gpio.o
LOAD build/keyboard.o
LOAD build/mailbox.o
LOAD build/main.o
LOAD build/math.o
LOAD build/random.o
LOAD build/systemTimer.o
LOAD build/terminal.o
LOAD build/text.o
LOAD build/connectfour.o
LOAD build/datastructures.o
LOAD build/dynamic.o
LOAD build/int.o
LOAD build/lights.o
LOAD build/mergesort.o
LOAD .\libcsud.a

.init           0x00008000        0x4
 *(.init)
 .init          0x00008000        0x4 build/main.o
                0x00008000                _start

.data           0x00008100    0x17d82
 *(.data)
 .data          0x00008100      0x810 build/drawing.o
 .data          0x00008910       0x30 build/framebuffer.o
                0x00008910                frameBufferInfo
 .data          0x00008940        0x0 build/gpio.o
 .data          0x00008940       0xe0 build/keyboard.o
 .data          0x00008a20        0x0 build/mailbox.o
 .data          0x00008a20      0x284 build/main.o
 .data          0x00008ca4        0x0 build/math.o
 .data          0x00008ca4        0x0 build/random.o
 .data          0x00008ca4        0x0 build/systemTimer.o
 *fill*         0x00008ca4       0x5c 
 .data          0x00008d00     0xb200 build/terminal.o
 .data          0x00013f00        0x0 build/text.o
 .data          0x00013f00        0x0 build/connectfour.o
 .data          0x00013f00        0x0 build/datastructures.o
 .data          0x00013f00        0x0 build/dynamic.o
 .data          0x00013f00        0x0 build/int.o
 .data          0x00013f00        0x0 build/lights.o
 .data          0x00013f00        0x0 build/mergesort.o
 .data          0x00013f00        0x0 .\libcsud.a(device.keyboard.c.o)
 .data          0x00013f00        0x4 .\libcsud.a(platform.c.o)
                0x00013f00                FirstAllocation
 .data          0x00013f04        0x0 .\libcsud.a(usbd.c.o)
 .data          0x00013f04        0x0 .\libcsud.a(device.hid.c.o)
 .data          0x00013f04        0x0 .\libcsud.a(device.hub.c.o)
 .data          0x00013f04        0x0 .\libcsud.a(hcd.designware20.c.o)
 .data          0x00013f04       0x64 .\libcsud.a(hcd.designware20.roothub.c.o)
                0x00013f04                DeviceDescriptor
                0x00013f18                ConfigurationDescriptor
                0x00013f34                String0
                0x00013f38                String1
                0x00013f5c                HubDescriptor
 .data          0x00013f68        0x0 .\libcsud.a(platform.armv6.c.o)
 .data          0x00013f68        0x0 .\libcsud.a(platform.broadcom2835.c.o)
 *.c.o(*)
 .text          0x00013f68     0x1000 .\libcsud.a(device.keyboard.c.o)
                0x00013f68                KeyboardDetached
                0x00013fe4                KeyboardDeallocate
                0x0001405c                KeyboardIndex
                0x000140b4                KeyboardGetAddress
                0x000140fc                KeyboardScan
                0x000147c8                KeyboardCount
                0x000147d8                KeyboardSetLeds
                0x000149f4                KeyboardGetLedSupport
                0x00014a40                KeyboardPoll
                0x00014d84                KeyboardGetModifiers
                0x00014dd0                KeyboardGetKeyDownCount
                0x00014e34                KeyboadGetKeyIsDown
                0x00014eec                KeyboardGetKeyDown
 .bss           0x00014f68       0x14 .\libcsud.a(device.keyboard.c.o)
                0x00014f68                keyboardAddresses
                0x00014f78                keyboardCount
 .comment       0x00014f7c       0x11 .\libcsud.a(device.keyboard.c.o)
                                 0x12 (size before relaxing)
 .ARM.attributes
                0x00014f8d       0x32 .\libcsud.a(device.keyboard.c.o)
 *fill*         0x00014fbf        0x1 
 COMMON         0x00014fc0       0x10 .\libcsud.a(device.keyboard.c.o)
                0x00014fc0                keyboards
 .text          0x00014fd0      0x5c0 .\libcsud.a(platform.c.o)
                0x00014fd0                MemoryReserve
                0x00014fd8                MemoryAllocate
                0x00015428                MemoryDeallocate
                0x00015540                MemoryCopy
 .bss           0x00015590        0x8 .\libcsud.a(platform.c.o)
                0x00015590                FirstFreeAllocation
                0x00015594                allocated
 .comment       0x00000000       0x12 .\libcsud.a(platform.c.o)
 .ARM.attributes
                0x00015598       0x32 .\libcsud.a(platform.c.o)
 *fill*         0x000155ca        0x6 
 COMMON         0x000155d0     0x4c00 .\libcsud.a(platform.c.o)
                0x000155d0                Heap
                0x000195d0                Allocations
 .text          0x0001a1d0     0x10e8 .\libcsud.a(usbd.c.o)
                0x0001a1d0                UsbGetRootHub
                0x0001a1e0                UsbPrintDeviceTree
                0x0001a2ac                UsbControlMessage
                0x0001a3a4                UsbGetDescriptor
                0x0001a490                UsbGetString
                0x0001a4fc                UsbReadStringLang
                0x0001a580                UsbReadString
                0x0001a680                UsbReadDeviceDescriptor
                0x0001a7c0                UsbSetAddress
                0x0001a8a0                UsbSetConfiguration
                0x0001a974                UsbConfigure
                0x0001ab44                UsbGetDescription
                0x0001adf4                UsbScanDevice
                0x0001b01c                UsbAllocateDevice
                0x0001b0d8                UsbDeallocateDevice
                0x0001b1f0                UsbScanRootHub
                0x0001b240                UsbInitialise
                0x0001b29c                UsbCheckForChange
 .bss           0x0001b2b8        0x4 .\libcsud.a(usbd.c.o)
                0x0001b2b8                RootHub
 .rodata        0x0001b2bc      0x248 .\libcsud.a(usbd.c.o)
 .rodata.str1.4
                0x0001b504       0x10 .\libcsud.a(usbd.c.o)
 .comment       0x00000000       0x12 .\libcsud.a(usbd.c.o)
 .ARM.attributes
                0x0001b514       0x32 .\libcsud.a(usbd.c.o)
 *fill*         0x0001b546        0x2 
 COMMON         0x0001b548        0x4 .\libcsud.a(usbd.c.o)
                0x0001b548                DeviceNumbers
 .text          0x0001b54c     0x1b24 .\libcsud.a(device.hid.c.o)
                0x0001b54c                HidEnumerateActionCountField
                0x0001b674                HidDetached
                0x0001b6b0                HidEnumerateActionAddField
                0x0001beb8                HidDeallocate
                0x0001c00c                HidEnumerateActionCountReport
                0x0001c0c4                HidGetReport
                0x0001c180                HidSetReport
                0x0001c230                BitSet
                0x0001c35c                BitGetUnsigned
                0x0001c464                BitGetSigned
                0x0001c490                HidReadDevice
                0x0001c68c                HidWriteDevice
                0x0001c838                HidSetProtocol
                0x0001c8e8                HidEnumerateReport
                0x0001ca40                HidParseReportDescriptor
                0x0001cd70                HidScan
                0x0001d060                HidGetFieldValue
 .bss           0x0001d070        0x0 .\libcsud.a(device.hid.c.o)
 .comment       0x00000000       0x12 .\libcsud.a(device.hid.c.o)
 .ARM.attributes
                0x0001d070       0x32 .\libcsud.a(device.hid.c.o)
 *fill*         0x0001d0a2        0x2 
 .text          0x0001d0a4      0xd34 .\libcsud.a(device.hub.c.o)
                0x0001d0a4                HubDetached
                0x0001d144                HubDeallocate
                0x0001d220                HubReadDescriptor
                0x0001d318                HubGetStatus
                0x0001d3f0                HubPortGetStatus
                0x0001d4d0                HubChangeFeature
                0x0001d584                HubChangePortFeature
                0x0001d640                HubPowerOn
                0x0001d6e8                HubPortReset
                0x0001d7bc                HubPortConnectionChanged
                0x0001d9c4                HubCheckConnection
                0x0001daf8                HubRecursiveCheck
                0x0001dbc0                HubScan
 .bss           0x0001ddd8        0x0 .\libcsud.a(device.hub.c.o)
 .comment       0x00000000       0x12 .\libcsud.a(device.hub.c.o)
 .ARM.attributes
                0x0001ddd8       0x32 .\libcsud.a(device.hub.c.o)
 *fill*         0x0001de0a        0x2 
 .text          0x0001de0c     0x160c .\libcsud.a(hcd.designware20.c.o)
                0x0001de0c                WriteThroughRegMask
                0x0001dea0                WriteThroughReg
                0x0001dea8                ReadBackReg
                0x0001df4c                ClearReg
                0x0001dfb4                SetReg
                0x0001e050                HcdReset
                0x0001e100                HcdTransmitFifoFlush
                0x0001e194                HcdReceiveFifoFlush
                0x0001e20c                HcdPrepareChannel
                0x0001e524                HcdTransmitChannel
                0x0001e5d0                HcdChannelInterruptToError
                0x0001e6ac                HcdChannelSendWaitOne
                0x0001e968                HcdChannelSendWait
                0x0001ea80                HcdSumbitControlMessage
                0x0001ecc8                HcdInitialise
                0x0001ee5c                HcdStart
                0x0001f3b8                HcdStop
                0x0001f3dc                HcdDeinitialise
 .bss           0x0001f418       0x14 .\libcsud.a(hcd.designware20.c.o)
                0x0001f418                Core
                0x0001f41c                Host
                0x0001f420                Power
                0x0001f424                databuffer
                0x0001f428                PhyInitialised
 .comment       0x00000000       0x12 .\libcsud.a(hcd.designware20.c.o)
 .ARM.attributes
                0x0001f42c       0x32 .\libcsud.a(hcd.designware20.c.o)
 *fill*         0x0001f45e        0x2 
 COMMON         0x0001f460        0xc .\libcsud.a(hcd.designware20.c.o)
                0x0001f460                CorePhysical
                0x0001f464                HostPhysical
                0x0001f468                PowerPhysical
 .text          0x0001f46c      0x6f0 .\libcsud.a(hcd.designware20.roothub.c.o)
                0x0001f46c                HcdProcessRootHubMessage
 .bss           0x0001fb5c        0x4 .\libcsud.a(hcd.designware20.roothub.c.o)
                0x0001fb5c                RootHubDeviceNumber
 .comment       0x00000000       0x12 .\libcsud.a(hcd.designware20.roothub.c.o)
 .ARM.attributes
                0x0001fb60       0x32 .\libcsud.a(hcd.designware20.roothub.c.o)
 *fill*         0x0001fb92        0x2 
 .text          0x0001fb94      0x16c .\libcsud.a(platform.armv6.c.o)
                0x0001fb94                __aeabi_uidivmod
                0x0001fcc8                __aeabi_uidiv
 .bss           0x0001fd00        0x0 .\libcsud.a(platform.armv6.c.o)
 .comment       0x00000000       0x12 .\libcsud.a(platform.armv6.c.o)
 .ARM.attributes
                0x0001fd00       0x32 .\libcsud.a(platform.armv6.c.o)
 *fill*         0x0001fd32        0x2 
 .text          0x0001fd34      0x11c .\libcsud.a(platform.broadcom2835.c.o)
                0x0001fd34                MicroDelay
                0x0001fda4                PowerOnUsb
 .bss           0x0001fe50        0x0 .\libcsud.a(platform.broadcom2835.c.o)
 .comment       0x00000000       0x12 .\libcsud.a(platform.broadcom2835.c.o)
 .ARM.attributes
                0x0001fe50       0x32 .\libcsud.a(platform.broadcom2835.c.o)

.text           0x0001fe84     0x255c
 *.c.o(.text)
 *(.text)
 .text          0x0001fe84      0x270 build/drawing.o
                0x0001fe84                setForeColor
                0x0001fe98                getForeColor
                0x0001fea4                setGraphicsAddress
                0x0001feb0                setPixel
                0x0001fefc                drawLine
                0x0001ff7c                drawCharacter
                0x0001ffe4                drawString
                0x00020060                drawStringDelay
 .text          0x000200f4       0x5c build/framebuffer.o
                0x000200f4                initializeFrameBuffer
 .text          0x00020150       0x94 build/gpio.o
                0x00020150                getGpioAddress
                0x00020158                setGpioFunc
                0x000201a8                setGpio
 .text          0x000201e4      0x150 build/keyboard.o
                0x000201e4                keyboardUpdate
                0x00020268                keyWasDown
                0x000202a4                keyboardGetChar
 .text          0x00020334       0x7c build/mailbox.o
                0x00020334                getMailboxAddress
                0x0002033c                mailboxWrite
                0x00020370                mailboxRead
 .text          0x000203b0      0x21c build/main.o
 .text          0x000205cc       0x48 build/math.o
                0x000205cc                divideU32
 .text          0x00020614       0x18 build/random.o
                0x00020614                random
 .text          0x0002062c       0x40 build/systemTimer.o
                0x0002062c                getTimerAddress
                0x00020634                getCounterValue
                0x00020644                timerWaitMs
 .text          0x0002066c      0x334 build/terminal.o
                0x0002066c                terminalColor
                0x000206b0                terminalDisplay
                0x00020758                terminalClear
                0x00020770                print
                0x00020848                readLine
                0x00020928                changeTextColor
 .text          0x000209a0      0x2d8 build/text.o
                0x000209a0                number2StringS
                0x000209e8                number2StringU
                0x00020a68                reverseString
                0x00020aa0                formatString
 .text          0x00020c78      0xfa4 build/connectfour.o
                0x00020c78                clearBoardArea
                0x00020cfc                drawBoard
                0x00020ddc                drawM
                0x00020ed0                drawT
                0x00020f7c                drawMark
                0x00020fd4                checkVerticalWin
                0x00021120                checkHorizontalWin
                0x0002126c                checkDiagonalWin
                0x00021868                checkWin
                0x000218d4                connectFour
 .text          0x00021c1c      0x274 build/datastructures.o
                0x00021c1c                printLinkedList
                0x00021cf0                printLinkedListReverse
                0x00021e18                pushLinkedList
 .text          0x00021e90        0x0 build/dynamic.o
 .text          0x00021e90       0xd4 build/int.o
                0x00021e90                stringToInt
 .text          0x00021f64      0x1ac build/lights.o
                0x00021f64                lightNine
                0x00021fa8                lightDot
                0x00021fc8                lightThree
                0x00022024                lightUpMyWorld
 .text          0x00022110      0x2d0 build/mergesort.o
                0x00022110                merge
                0x00022354                mergesort

.rodata         0x000223e0       0xa4
 *(.rodata)
 .rodata        0x000223e0       0x80 build/connectfour.o
 .rodata        0x00022460       0x18 build/datastructures.o
 .rodata        0x00022478        0xc build/lights.o

.heap

/DISCARD/
 *(*)
OUTPUT(build/output.elf elf32-littlearm)
